// Jest Snapshot v1, https://goo.gl/fbAQLP

exports[`Index renders correctly 1`] = `
Array [
  <header>
    <div
      className="container"
    >
      <a
        href="/"
      >
        <img
          alt="logo"
          className="headerImg"
          src="test-file-stub"
        />
      </a>
    </div>
  </header>,
  <div
    className="container"
  >
    <main>
      <div
        className="header"
      >
        <img
          alt="hand-with-heart"
          src="test-file-stub"
        />
        <div>
          <h2>
            Program Overview
          </h2>
          <p>
            Welcome to your Program Overview page. Here you'll find helpful resources and activities to help you manage your mental well-being so you can stay happy and healthy.
          </p>
        </div>
      </div>
      <div
        className="container"
      >
        <div
          className="container"
        >
          <h3>
            Core Pillars Program
          </h3>
          <button
            className="modalButton"
            onClick={[Function]}
          >
            Learn more
          </button>
        </div>
        <div
          className="sections"
        >
          <a
            href="/core-pillars-program/part-1"
          >
            <div
              className="container"
            >
              <img
                alt="Mindfulness"
                src="https://my.joinmodernhealth.com/static/media/meditation-image-page.71f7c8b3.png"
              />
              <div>
                <p
                  className="partText"
                >
                  Part 
                  One
                </p>
                <h4>
                  Mindfulness
                </h4>
              </div>
            </div>
          </a>
          <a
            href="/core-pillars-program/part-2"
          >
            <div
              className="container"
            >
              <img
                alt="Values"
                src="https://my.joinmodernhealth.com/static/media/values.e8b1dc68.png"
              />
              <div>
                <p
                  className="partText"
                >
                  Part 
                  Two
                </p>
                <h4>
                  Values
                </h4>
              </div>
            </div>
          </a>
          <a
            href="/core-pillars-program/part-3"
          >
            <div
              className="container"
            >
              <img
                alt="Action"
                src="https://my.joinmodernhealth.com/static/media/action.605a754d.png"
              />
              <div>
                <p
                  className="partText"
                >
                  Part 
                  Three
                </p>
                <h4>
                  Action
                </h4>
              </div>
            </div>
          </a>
          <a
            href="/core-pillars-program/part-4"
          >
            <div
              className="container"
            >
              <img
                alt="Flexibility"
                src="https://my.joinmodernhealth.com/static/media/flexibility.edd8dc40.png"
              />
              <div>
                <p
                  className="partText"
                >
                  Part 
                  Four
                </p>
                <h4>
                  Flexibility
                </h4>
              </div>
            </div>
          </a>
        </div>
      </div>
      <div
        className="container"
      >
        <div
          className="container"
        >
          <h3>
            Psychological First Aid
          </h3>
          <button
            className="modalButton"
            onClick={[Function]}
          >
            Learn more
          </button>
        </div>
        <div
          className="sections"
        >
          <a
            href="/psychological-first-aid/part-1"
          >
            <div
              className="container"
            >
              <img
                alt="Common Reactions you Might Experience"
                src="https://staging.joinmodernhealth.com/static/media/psychological-first-aid.38f004a7.svg"
              />
              <div>
                <p
                  className="partText"
                >
                  Part 
                  One
                </p>
                <h4>
                  Common Reactions you Might Experience
                </h4>
              </div>
            </div>
          </a>
          <a
            href="/psychological-first-aid/part-2"
          >
            <div
              className="container"
            >
              <img
                alt="What Helps (and what doesn't)"
                src="https://staging.joinmodernhealth.com/static/media/undraw-feeling-blue-4-b-7-q-copy.74c19b42.svg"
              />
              <div>
                <p
                  className="partText"
                >
                  Part 
                  Two
                </p>
                <h4>
                  What Helps (and what doesn't)
                </h4>
              </div>
            </div>
          </a>
        </div>
      </div>
    </main>
  </div>,
]
`;
