// Jest Snapshot v1, https://goo.gl/fbAQLP

exports[`Program renders correctly 1`] = `
<div
  className="container"
>
  <div
    className="container"
  >
    <h3>
      Core Pillars Program
    </h3>
    <button
      className="modalButton"
      onClick={[Function]}
    >
      Learn more
    </button>
  </div>
  <div
    className="sections"
  >
    <a
      href="/core-pillars-program/part-1"
    >
      <div
        className="container"
      >
        <img
          alt="Mindfulness"
          src="https://my.joinmodernhealth.com/static/media/meditation-image-page.71f7c8b3.png"
        />
        <div>
          <p
            className="partText"
          >
            Part 
            One
          </p>
          <h4>
            Mindfulness
          </h4>
        </div>
      </div>
    </a>
    <a
      href="/core-pillars-program/part-2"
    >
      <div
        className="container"
      >
        <img
          alt="Values"
          src="https://my.joinmodernhealth.com/static/media/values.e8b1dc68.png"
        />
        <div>
          <p
            className="partText"
          >
            Part 
            Two
          </p>
          <h4>
            Values
          </h4>
        </div>
      </div>
    </a>
    <a
      href="/core-pillars-program/part-3"
    >
      <div
        className="container"
      >
        <img
          alt="Action"
          src="https://my.joinmodernhealth.com/static/media/action.605a754d.png"
        />
        <div>
          <p
            className="partText"
          >
            Part 
            Three
          </p>
          <h4>
            Action
          </h4>
        </div>
      </div>
    </a>
    <a
      href="/core-pillars-program/part-4"
    >
      <div
        className="container"
      >
        <img
          alt="Flexibility"
          src="https://my.joinmodernhealth.com/static/media/flexibility.edd8dc40.png"
        />
        <div>
          <p
            className="partText"
          >
            Part 
            Four
          </p>
          <h4>
            Flexibility
          </h4>
        </div>
      </div>
    </a>
  </div>
</div>
`;
